// Jest Snapshot v1, https://goo.gl/fbAQLP

exports[`Testing API history 1`] = `
<DocumentFragment>
  <main>
    <section
      class="css-10oyw64-Section"
      role="list"
    />
  </main>
</DocumentFragment>
`;
