// Jest Snapshot v1, https://goo.gl/fbAQLP

exports[`Render all users 1`] = `
<DocumentFragment>
  <main>
    <section
      class="css-10oyw64-Section"
      role="list"
    >
      <button
        class="css-12phzq6-UserList"
      >
        New User
      </button>
    </section>
  </main>
</DocumentFragment>
`;
